// Jest Snapshot v1, https://goo.gl/fbAQLP

exports[`<NotFoundPage /> should render and match the snapshot 1`] = `
<div
  class="container"
>
  <div
    class="row"
  >
    <div
      class="col-12"
    >
      <div
        id="alert"
      />
    </div>
  </div>
  <div
    class="row"
  >
    <div
      class="col-12"
    >
      <div
        class="modal-container jumbotron"
        id="viewport"
      >
        <h1>
          <span>
            Missing Page!
          </span>
        </h1>
        <span>
          Sorry, I could not find that page.
        </span>
      </div>
    </div>
  </div>
</div>
`;
