// Jest Snapshot v1, https://goo.gl/fbAQLP

exports[`<Resume /> Should render and match the snapshot 1`] = `
<div>
  <a
    class="Resume__DownloadButton-sc-8kz64v-1 lfcYJm btn btn-primary"
    href="https://drive.google.com/file/d/1d6vw4KLMyQgbFWOkpVyZR47l80mSSYSp/view?usp=sharing"
  >
    <span>
      Download PDF
    </span>
  </a>
  <iframe
    class="Resume__DocFrame-sc-8kz64v-0 kKVetM"
    src="https://docs.google.com/a/thekeepstudios.com/document/d/e/2PACX-1vR5HbP7EGGTv8Z9uRjwBi6SQoreIP4CC04gpZaIBqgTYagsUdYxqf4Fe8ZO2DaSYcvqzrd4rscN9s98/pub?embedded=true"
  />
</div>
`;
